> # Assignment: ASSIGNMENT 7
> # Name: Blasdell, Blaine
> # Date: 2020-07-12
> 
> ## Set the working directory to the root of your DSC 520 directory
> ## setwd("/homoe/jdoe/Workspaces/dsc520")
> 
> ## Load the `data/r4ds/heights.csv` to
> heights_df <- read.csv("data/r4ds/heights.csv")
> 
> # Fit a linear model
> earn_lm <-  lm(earn ~ ed + age + sex + race + height, data = heights_df)
> 
> # View the summary of your model
> summary(earn_lm)

Call:
lm(formula = earn ~ ed + age + sex + race + height, data = heights_df)

Residuals:
   Min     1Q Median     3Q    Max 
-39423  -9827  -2208   6157 158723 

Coefficients:
             Estimate Std. Error t value Pr(>|t|)    
(Intercept)  -41478.4    12409.4  -3.342 0.000856 ***
ed             2768.4      209.9  13.190  < 2e-16 ***
age             178.3       32.2   5.537 3.78e-08 ***
sexmale       10325.6     1424.5   7.249 7.57e-13 ***
racehispanic  -1414.3     2685.2  -0.527 0.598507    
raceother       371.0     3837.0   0.097 0.922983    
racewhite      2432.5     1723.9   1.411 0.158489    
height          202.5      185.6   1.091 0.275420    
---
Signif. codes:  0 ‘***’ 0.001 ‘**’ 0.01 ‘*’ 0.05 ‘.’ 0.1 ‘ ’ 1

Residual standard error: 17250 on 1184 degrees of freedom
Multiple R-squared:  0.2199,	Adjusted R-squared:  0.2153 
F-statistic: 47.68 on 7 and 1184 DF,  p-value: < 2.2e-16

> 
> predicted_df <- data.frame(
+   earn_pred = predict(earn_lm, heights_df),
+   ed=heights_df$ed, race=heights_df$race, height=heights_df$height,
+   age=heights_df$age, sex=heights_df$sex
+   )
> predicted_df
     earn_pred ed     race   height age    sex
1   38666.1091 16    white 74.42444  45   male
2   28859.0888 16    white 65.53754  58 female
3   23301.9009 16    white 63.62920  29 female
4   32189.8351 16    other 63.10856  91 female
5   27807.3900 17    white 63.40248  39 female
6   20154.5994 15    white 64.39951  26 female
7   15395.0698 12    white 61.65633  49 female
8   41263.3218 17    white 72.69854  46   male
9   27288.8369 15 hispanic 72.03947  21   male
10  23761.5861 12    white 72.23493  26   male
11  41237.5589 16    white 69.51215  65   male
12  21568.5845 11    white 68.03161  34   male
13  22992.7118 12    white 67.55693  27   male
14  16515.8698 12    white 65.43059  51 female
15  24783.4853 16    white 65.66285  35 female
16  28560.9807 12    white 67.75877  58   male
17  18721.3982 14    white 68.35184  29 female
18  29207.8357 13    white 69.60957  44   male
19  14544.3151 12    black 64.18457  55 female
20  25872.2095 13    black 73.07461  35   male
21  18665.6566 13    white 62.37553  51 female
22  16216.2029 14    white 63.02393  21 female
23  27571.6999 14    white 67.22990  22   male
24  14757.2392 12    white 65.55111  41 female
25  27117.9070 12    white 72.07965  45   male
26  10756.8557 12    black 63.09113  35 female
27  28969.8920 16    white 64.32355  60 female
28  36854.7844 16    white 71.64285  38   male
29  37006.0629 16    white 76.79309  33   male
30  17105.5662 14    white 63.89391  25 female
31  12976.7884 12    white 63.80262  33 female
32  39791.1982 17    white 71.59223  39   male
33  37540.6444 17    white 67.52196  31   male
34  11848.4754 12    white 64.39435  26 female
35  26005.7817 14    white 61.17822  78 female
36  16368.5465 14    black 66.98388  31 female
37  17562.5809 12    white 65.31646  57 female
38  17219.1323 14    white 63.57419  26 female
39  27556.2002 15    white 66.61100  65 female
40  12666.4499 12    white 64.91176  30 female
41  14603.0691 12    white 64.78968  41 female
42  29508.5079 18    white 66.93769  29 female
43  27168.5325 17    white 68.17281  30 female
44   6311.7243 12 hispanic 60.45066  21 female
45  15767.4229 13    white 64.79325  32 female
46  11861.1148 12    white 61.81492  29 female
47  16664.2418 10    white 71.57215  18   male
48  14608.4818  8    black 67.31441  56   male
49  30242.6239 12    white 69.89987  65   male
50  39777.1684 17    white 69.76170  41   male
51  30469.9717 17    white 67.74647  49 female
52  17951.0732 12    white 60.19022  65 female
53  23869.4658 12    white 71.00650  28   male
54  24615.1354 12    white 71.16680  32   male
55  25204.8983 13    white 72.73563  18   male
56  23314.0315 14    white 68.13822  55 female
57  17777.8837 12    white 66.37981  57 female
58  34762.0762 16    white 69.23278  29   male
59  17336.6430 14    white 63.27394  27 female
60  23700.9856 14 hispanic 61.82776  28   male
61  20381.2946 14    white 64.22121  43 female
62  10920.1480  9    white 63.84127  68 female
63   8701.7514  9    white 66.97477  52 female
64  25920.9013 12    white 71.45149  39   male
65  26767.9291 16    white 59.61265  53 female
66  23384.7030 16    white 65.79939  27 female
67  19679.8843 15    white 66.45804  21 female
68  19745.3603 14    white 64.60288  39 female
69  15127.8122 13    white 70.44048  22 female
70  22415.0495 13    white 65.92281  68 female
71  15079.0596 12    white 61.85683  47 female
72  27745.4491 15    white 65.78444  67 female
73  25997.7994 12    white 71.83128  39   male
74   -217.0009  8 hispanic 67.04533  39 female
75  20189.0596 12 hispanic 68.30551  32   male
76  24562.3463 12    white 70.02546  33   male
77  13464.9267 12    white 61.81039  38 female
78  14324.6073 13    white 62.95107  26 female
79  21502.9460 13    white 65.82114  63 female
80  13767.8680 10    white 70.39755  61 female
81  14438.0539 12    white 68.37778  36 female
82  28297.2517 14    white 69.93270  23   male
83  11138.5456 12    white 66.17181  20 female
84  24814.1909 16    white 68.45636  32 female
85  34541.3451 16    white 69.90386  27   male
86   6631.5572 12 hispanic 61.14966  22 female
87  20019.9780 12    white 63.36335  73 female
88  22684.2290 14    white 64.14708  56 female
89  33999.2175 12    white 67.31839  89   male
90  34387.2621 17    white 60.67494  79 female
91  35956.1730 18    white 68.84090  63 female
92  19646.4220 12    white 67.68273  66 female
93  13117.3354 12    white 64.49677  33 female
94  16155.5240 14    black 66.81240  30 female
95  36362.1434 17    white 68.74644  23   male
96  18189.2674 13    white 67.06765  43 female
97  13319.6823 12    white 68.13799  30 female
98  13596.9185 12    white 63.34290  37 female
99  22876.6202 12    white 71.38667  22   male
100 26206.7441 17    black 63.98834  43 female
101 22195.5757 11    white 68.48639  37   male
102 29531.8197 17    white 67.51614  44 female
103 16813.9003 14 hispanic 65.60084  43 female
104 36472.5904 16    white 76.80019  30   male
105 18103.0967 12    white 67.10538  58 female
106 14603.8427 12    white 62.15164  44 female
107 30564.1411 18    white 66.86762  35 female
108 30811.0654 18    white 61.04220  43 female
109 12150.1980 12    white 64.12329  28 female
110 24484.5954 16    white 61.54482  38 female
111 13972.5494 12    white 62.55624  40 female
112 33654.1101 16    white 68.16377  24   male
113 20003.8811 15    white 63.65513  26 female
114 31203.2095 15    white 72.37352  21   male
115 24476.5794 16    white 64.14708  35 female
116 14887.2293 13    white 61.32670  31 female
117 26332.7938 12    white 74.36640  38   male
118 30493.0705 14    white 70.21016  35   male
119 37281.0332 16    white 71.10619  41   male
120 13802.0632 12    white 62.59484  39 female
121 20347.6343 14    white 64.05496  43 female
122 24847.0340 16    white 61.57362  40 female
123 29775.3602 17    white 70.48020  42 female
124 43809.9036 17    white 71.18591  62   male
125 30027.5806 14    white 71.43364  31   male
126 26590.1837 14    white 70.22885  71 female
127 29186.7466 14    white 67.28086  31   male
128 12789.5900 12    white 63.75869  32 female
129 13106.7845 12    white 67.08652  30 female
130  7892.4078  8    white 61.67960  69 female
131 15692.3100 13 hispanic 62.28600  56 female
132 26508.6772 13    black 68.29248  44   male
133 17594.2594 14    black 61.58948  44 female
134 32189.8893 18    black 68.41774  56 female
135 30273.3202 13    white 73.99126  45   male
136 14707.4816 12    other 67.56107  50 female
137 21792.3283 16    white 62.33793  22 female
138 20883.8615 15    white 66.24001  28 female
139 23102.3598 12    white 68.09847  27   male
140 12958.9270 14 hispanic 59.77087  28 female
141 14874.6673  8    white 68.06338  43   male
142 23649.2561 12    white 71.68015  26   male
143 15099.2638 12    white 66.35971  42 female
144 18509.3514 10    white 68.35626  32   male
145 11244.5410 12    white 68.45654  18 female
146 18800.0077 12    white 68.78610  60 female
147 26428.8368 16    white 64.10224  46 female
148 19848.7450 14    white 65.11349  39 female
149 14656.2392 12    white 60.64919  46 female
150 27840.4458 12    white 72.12570  49   male
151 24574.3806 16    white 65.51073  34 female
152 35202.5749 14    white 67.93190  64   male
153 23042.5474 12    white 70.44492  24   male
154 30192.1593 14    white 71.36585  32   male
155 40850.9230 16    white 71.12507  61   male
156 37932.6547 16    white 68.16014  48   male
157 20619.3713 14    white 60.11333  49 female
158 13306.3025 12    white 62.78820  36 female
159 28268.9541 12    white 68.07772  56   male
160 13740.2597 12    white 64.05084  37 female
161 31810.0826 12    white 69.71580  74   male
162 37588.3050 16    white 68.22067  46   male
163 17734.9109 12    white 60.88386  63 female
164 46194.0171 18    white 68.40754  63   male
165 29046.9362 17    white 66.00198  43 female
166 34163.2827 16    white 69.79789  25   male
 [ reached 'max' / getOption("max.print") -- omitted 1026 rows ]
> 
> ## Compute deviation (i.e. residuals)
> mean_earn <- mean(heights_df$earn)
> ## Corrected Sum of Squares Total
> sst <- sum((mean_earn - heights_df$earn)^2)
> ## Corrected Sum of Squares for Model
> ssm <- sum((mean_earn - predicted_df$earn)^2)
> ## Residuals
> residuals <- heights_df$earn - predicted_df$earn
> ## Sum of Squares for Error
> sse <- sum(residuals^2)
> ## R Squared
> r_squared <- ssm/sst
> 
> ## Number of observations
> n <- 1192
> ## Number of regression paramaters
> p <- 8
> ## Corrected Degrees of Freedom for Model
> dfm <- p-1
> ## Degrees of Freedom for Error
> dfe <- (n-p)
> ## Corrected Degrees of Freedom Total:   DFT = n - 1
> dft <- (n-1)
> 
> ## Mean of Squares for Model:   MSM = SSM / DFM
> msm <- ssm/dfm
> ## Mean of Squares for Error:   MSE = SSE / DFE
> mse <- sse/dfe
> ## Mean of Squares Total:   MST = SST / DFT
> mst <- sst/dft
> ## F Statistic
> f_score <- msm/mse
> format(f_score,digits=4)
[1] "47.68"
> 
> ## Adjusted R Squared R2 = 1 - (1 - R2)(n - 1) / (n - p)
> adjusted_r_squared <- 1 - (1- r_squared)*(n-1) / (n - p)
> format(round(adjusted_r_squared,6) ,nsmall = 6)
[1] "0.215283"
> 